// Jest Snapshot v1, https://goo.gl/fbAQLP

exports[`Pruebas en <GifItem /> Deber√≠a realizar match con el snapshot 1`] = `
<div>
  <div
    class="card"
  >
    <img
      alt="Read"
      src="http://reading.com/read.jpg"
    />
    <p>
      Read
    </p>
  </div>
</div>
`;
